00000000  00008137  lui sp, 8                          ; game.S:54 | li      sp, STACK_TOP
00000004  00010113  addi sp, sp, 0                     ; game.S:54 | li      sp, STACK_TOP
00000008  00004437  lui s0, 4                          ; game.S:55 | li      s0, DATA_BASE
0000000c  00040413  addi s0, s0, 0                     ; game.S:55 | li      s0, DATA_BASE
00000010  000014b7  lui s1, 1                          ; game.S:56 | li      s1, SYS_BASE
00000014  00048493  addi s1, s1, 0                     ; game.S:56 | li      s1, SYS_BASE
00000018  00001937  lui s2, 1                          ; game.S:57 | li      s2, VGA_BASE
0000001c  10090913  addi s2, s2, 256                   ; game.S:57 | li      s2, VGA_BASE
00000020  000019b7  lui s3, 1                          ; game.S:58 | li      s3, SPRITE_BASE
00000024  20098993  addi s3, s3, 512                   ; game.S:58 | li      s3, SPRITE_BASE
00000028  00002a37  lui s4, 2                          ; game.S:59 | li      s4, TILEMAP_BASE
0000002c  000a0a13  addi s4, s4, 0                     ; game.S:59 | li      s4, TILEMAP_BASE
00000030  088000ef  call    init_level                 ; game.S:61 | call    init_level
00000034  304000ef  call    new_game                   ; game.S:62 | call    new_game
00000038  58e00293  addi t0, zero, 1422                ; game.S:65 | li      t0, 0x58e
0000003c  00592423  sw      t0, VGA_BACKDROP-VGA_BASE(s2) ; game.S:66 | sw      t0, VGA_BACKDROP-VGA_BASE(s2)
00000040  00700293  addi t0, zero, 7                   ; game.S:67 | li      t0, 0x7
00000044  00592823  sw      t0, VGA_LAYER_CONTROL-VGA_BASE(s2) ; game.S:68 | sw      t0, VGA_LAYER_CONTROL-VGA_BASE(s2)
00000048  00c4a283  lw      t0, SYS_FRAME_COUNT-SYS_BASE(s1) ; game.S:69 | lw      t0, SYS_FRAME_COUNT-SYS_BASE(s1)
0000004c  02542823  sw      t0, ST_FRAME_LAST(s0)      ; game.S:70 | sw      t0, ST_FRAME_LAST(s0)
00000050  145000ef  call    render_frame               ; game.S:71 | call    render_frame
00000054  00c4a283  lw      t0, SYS_FRAME_COUNT-SYS_BASE(s1) ; game.S:75 | lw      t0, SYS_FRAME_COUNT-SYS_BASE(s1)
00000058  03042303  lw      t1, ST_FRAME_LAST(s0)      ; game.S:76 | lw      t1, ST_FRAME_LAST(s0)
0000005c  fe628ce3  beq     t0, t1, frame_wait         ; game.S:77 | beq     t0, t1, frame_wait
00000060  02542823  sw      t0, ST_FRAME_LAST(s0)      ; game.S:78 | sw      t0, ST_FRAME_LAST(s0)
00000064  0044a503  lw      a0, SYS_INPUT_LEVEL-SYS_BASE(s1) ; game.S:80 | lw      a0, SYS_INPUT_LEVEL-SYS_BASE(s1)
00000068  01442303  lw      t1, ST_PREV_INPUT(s0)      ; game.S:81 | lw      t1, ST_PREV_INPUT(s0)
0000006c  fff34393  xori    t2, t1, -1                 ; game.S:82 | xori    t2, t1, -1
00000070  007575b3  and     a1, a0, t2                 ; game.S:83 | and     a1, a0, t2
00000074  00a42a23  sw      a0, ST_PREV_INPUT(s0)      ; game.S:84 | sw      a0, ST_PREV_INPUT(s0)
00000078  01842283  lw      t0, ST_GAME_STATE(s0)      ; game.S:86 | lw      t0, ST_GAME_STATE(s0)
0000007c  02029263  bnez    t0, frame_nonplay          ; game.S:87 | bnez    t0, frame_nonplay
00000080  464000ef  call    update_player              ; game.S:88 | call    update_player
00000084  01842283  lw      t0, ST_GAME_STATE(s0)      ; game.S:89 | lw      t0, ST_GAME_STATE(s0)
00000088  02029063  bnez    t0, frame_after_logic      ; game.S:90 | bnez    t0, frame_after_logic
0000008c  6fc000ef  call    update_enemies             ; game.S:91 | call    update_enemies
00000090  01842283  lw      t0, ST_GAME_STATE(s0)      ; game.S:92 | lw      t0, ST_GAME_STATE(s0)
00000094  00029a63  bnez    t0, frame_after_logic      ; game.S:93 | bnez    t0, frame_after_logic
00000098  03d000ef  call    update_timer               ; game.S:94 | call    update_timer
0000009c  00c0006f  j       frame_after_logic          ; game.S:95 | j       frame_after_logic
000000a0  00058513  mv      a0, a1                     ; game.S:98 | mv      a0, a1
000000a4  3b8000ef  call    update_nonplay             ; game.S:99 | call    update_nonplay
000000a8  075000ef  call    update_animation           ; game.S:102 | call    update_animation
000000ac  0c5000ef  call    update_camera              ; game.S:103 | call    update_camera
000000b0  0e5000ef  call    render_frame               ; game.S:104 | call    render_frame
000000b4  fa1ff06f  j       frame_wait                 ; game.S:105 | j       frame_wait
000000b8  ffc10113  addi    sp, sp, -4                 ; game.S:114 | addi    sp, sp, -4
000000bc  00112023  sw      ra, 0(sp)                  ; game.S:115 | sw      ra, 0(sp)
000000c0  000a0293  mv      t0, s4                     ; game.S:118 | mv      t0, s4
000000c4  00001337  lui t1, 1                          ; game.S:119 | li      t1, 4096
000000c8  00030313  addi t1, t1, 0                     ; game.S:119 | li      t1, 4096
000000cc  01430333  add     t1, t1, s4                 ; game.S:120 | add     t1, t1, s4
000000d0  00000393  addi t2, zero, 0                   ; game.S:121 | li      t2, 0
000000d4  00728023  sb      t2, 0(t0)                  ; game.S:123 | sb      t2, 0(t0)
000000d8  00128293  addi    t0, t0, 1                  ; game.S:124 | addi    t0, t0, 1
000000dc  fe629ce3  bne     t0, t1, init_clear_loop    ; game.S:125 | bne     t0, t1, init_clear_loop
000000e0  00000293  addi t0, zero, 0                   ; game.S:128 | li      t0, 0
000000e4  06000313  addi t1, zero, 96                  ; game.S:130 | li      t1, LEVEL_TILES
000000e8  0662d063  bge     t0, t1, init_ground_done   ; game.S:131 | bge     t0, t1, init_ground_done
000000ec  01400313  addi t1, zero, 20                  ; game.S:132 | li      t1, 20
000000f0  0262c663  blt     t0, t1, init_ground_write  ; game.S:133 | blt     t0, t1, init_ground_write
000000f4  01800313  addi t1, zero, 24                  ; game.S:134 | li      t1, 24
000000f8  0462c463  blt     t0, t1, init_ground_next   ; game.S:135 | blt     t0, t1, init_ground_next
000000fc  02d00313  addi t1, zero, 45                  ; game.S:136 | li      t1, 45
00000100  0062ce63  blt     t0, t1, init_ground_write  ; game.S:137 | blt     t0, t1, init_ground_write
00000104  03100313  addi t1, zero, 49                  ; game.S:138 | li      t1, 49
00000108  0262cc63  blt     t0, t1, init_ground_next   ; game.S:139 | blt     t0, t1, init_ground_next
0000010c  04800313  addi t1, zero, 72                  ; game.S:140 | li      t1, 72
00000110  0062c663  blt     t0, t1, init_ground_write  ; game.S:141 | blt     t0, t1, init_ground_write
00000114  04c00313  addi t1, zero, 76                  ; game.S:142 | li      t1, 76
00000118  0262c463  blt     t0, t1, init_ground_next   ; game.S:143 | blt     t0, t1, init_ground_next
0000011c  00001337  lui t1, 1                          ; game.S:146 | li      t1, 3328
00000120  d0030313  addi t1, t1, -768                  ; game.S:146 | li      t1, 3328
00000124  01430333  add     t1, t1, s4                 ; game.S:147 | add     t1, t1, s4
00000128  00530333  add     t1, t1, t0                 ; game.S:148 | add     t1, t1, t0
0000012c  04100393  addi t2, zero, 65                  ; game.S:149 | li      t2, COLLISION_SOLID | TILE_GROUND_TOP
00000130  00730023  sb      t2, 0(t1)                  ; game.S:150 | sb      t2, 0(t1)
00000134  10030313  addi    t1, t1, 256                ; game.S:151 | addi    t1, t1, 256
00000138  04200393  addi t2, zero, 66                  ; game.S:152 | li      t2, COLLISION_SOLID | TILE_GROUND_FILL
0000013c  00730023  sb      t2, 0(t1)                  ; game.S:153 | sb      t2, 0(t1)
00000140  00128293  addi    t0, t0, 1                  ; game.S:155 | addi    t0, t0, 1
00000144  fa1ff06f  j       init_ground_loop           ; game.S:156 | j       init_ground_loop
00000148  00800513  addi a0, zero, 8                   ; game.S:160 | li      a0, 8
0000014c  00900593  addi a1, zero, 9                   ; game.S:161 | li      a1, 9
00000150  00600613  addi a2, zero, 6                   ; game.S:162 | li      a2, 6
00000154  04300693  addi a3, zero, 67                  ; game.S:163 | li      a3, COLLISION_SOLID | TILE_BRICK
00000158  104000ef  call    place_hline                ; game.S:164 | call    place_hline
0000015c  00a00513  addi a0, zero, 10                  ; game.S:165 | li      a0, 10
00000160  00900593  addi a1, zero, 9                   ; game.S:166 | li      a1, 9
00000164  00100613  addi a2, zero, 1                   ; game.S:167 | li      a2, 1
00000168  04400693  addi a3, zero, 68                  ; game.S:168 | li      a3, COLLISION_SOLID | TILE_BONUS
0000016c  0f0000ef  call    place_hline                ; game.S:169 | call    place_hline
00000170  02200513  addi a0, zero, 34                  ; game.S:170 | li      a0, 34
00000174  00800593  addi a1, zero, 8                   ; game.S:171 | li      a1, 8
00000178  00800613  addi a2, zero, 8                   ; game.S:172 | li      a2, 8
0000017c  04300693  addi a3, zero, 67                  ; game.S:173 | li      a3, COLLISION_SOLID | TILE_BRICK
00000180  0dc000ef  call    place_hline                ; game.S:174 | call    place_hline
00000184  02500513  addi a0, zero, 37                  ; game.S:175 | li      a0, 37
00000188  00800593  addi a1, zero, 8                   ; game.S:176 | li      a1, 8
0000018c  00100613  addi a2, zero, 1                   ; game.S:177 | li      a2, 1
00000190  04400693  addi a3, zero, 68                  ; game.S:178 | li      a3, COLLISION_SOLID | TILE_BONUS
00000194  0c8000ef  call    place_hline                ; game.S:179 | call    place_hline
00000198  01c00513  addi a0, zero, 28                  ; game.S:182 | li      a0, 28
0000019c  00a00593  addi a1, zero, 10                  ; game.S:183 | li      a1, 10
000001a0  104000ef  call    place_pipe                 ; game.S:184 | call    place_pipe
000001a4  03500513  addi a0, zero, 53                  ; game.S:185 | li      a0, 53
000001a8  00900593  addi a1, zero, 9                   ; game.S:186 | li      a1, 9
000001ac  0f8000ef  call    place_pipe                 ; game.S:187 | call    place_pipe
000001b0  04e00513  addi a0, zero, 78                  ; game.S:188 | li      a0, 78
000001b4  00800593  addi a1, zero, 8                   ; game.S:189 | li      a1, 8
000001b8  0ec000ef  call    place_pipe                 ; game.S:190 | call    place_pipe
000001bc  03e00513  addi a0, zero, 62                  ; game.S:193 | li      a0, 62
000001c0  00600593  addi a1, zero, 6                   ; game.S:194 | li      a1, 6
000001c4  12c000ef  call    place_stairs               ; game.S:195 | call    place_stairs
000001c8  03a00513  addi a0, zero, 58                  ; game.S:198 | li      a0, 58
000001cc  00c00593  addi a1, zero, 12                  ; game.S:199 | li      a1, 12
000001d0  09000613  addi a2, zero, 144                 ; game.S:200 | li      a2, COLLISION_HAZARD | TILE_HAZARD
000001d4  074000ef  call    set_tile                   ; game.S:201 | call    set_tile
000001d8  05a00513  addi a0, zero, 90                  ; game.S:204 | li      a0, 90
000001dc  00500593  addi a1, zero, 5                   ; game.S:205 | li      a1, 5
000001e0  00800613  addi a2, zero, 8                   ; game.S:206 | li      a2, 8
000001e4  0cb00693  addi a3, zero, 203                 ; game.S:207 | li      a3, COLLISION_SPECIAL | TILE_GOAL_POLE
000001e8  098000ef  call    place_vline                ; game.S:208 | call    place_vline
000001ec  05900513  addi a0, zero, 89                  ; game.S:209 | li      a0, 89
000001f0  00500593  addi a1, zero, 5                   ; game.S:210 | li      a1, 5
000001f4  0cc00613  addi a2, zero, 204                 ; game.S:211 | li      a2, COLLISION_SPECIAL | TILE_GOAL_FLAG
000001f8  050000ef  call    set_tile                   ; game.S:212 | call    set_tile
000001fc  01000513  addi a0, zero, 16                  ; game.S:215 | li      a0, 16
00000200  00400593  addi a1, zero, 4                   ; game.S:216 | li      a1, 4
00000204  00d00613  addi a2, zero, 13                  ; game.S:217 | li      a2, TILE_CLOUD
00000208  040000ef  call    set_tile                   ; game.S:218 | call    set_tile
0000020c  02b00513  addi a0, zero, 43                  ; game.S:219 | li      a0, 43
00000210  00300593  addi a1, zero, 3                   ; game.S:220 | li      a1, 3
00000214  00d00613  addi a2, zero, 13                  ; game.S:221 | li      a2, TILE_CLOUD
00000218  030000ef  call    set_tile                   ; game.S:222 | call    set_tile
0000021c  00600513  addi a0, zero, 6                   ; game.S:223 | li      a0, 6
00000220  00c00593  addi a1, zero, 12                  ; game.S:224 | li      a1, 12
00000224  00e00613  addi a2, zero, 14                  ; game.S:225 | li      a2, TILE_BUSH
00000228  020000ef  call    set_tile                   ; game.S:226 | call    set_tile
0000022c  05400513  addi a0, zero, 84                  ; game.S:227 | li      a0, 84
00000230  00c00593  addi a1, zero, 12                  ; game.S:228 | li      a1, 12
00000234  00f00613  addi a2, zero, 15                  ; game.S:229 | li      a2, TILE_HILL
00000238  010000ef  call    set_tile                   ; game.S:230 | call    set_tile
0000023c  00012083  lw      ra, 0(sp)                  ; game.S:232 | lw      ra, 0(sp)
00000240  00410113  addi    sp, sp, 4                  ; game.S:233 | addi    sp, sp, 4
00000244  00008067  ret                                ; game.S:234 | ret
00000248  00859293  slli    t0, a1, 8                  ; game.S:238 | slli    t0, a1, 8
0000024c  00a282b3  add     t0, t0, a0                 ; game.S:239 | add     t0, t0, a0
00000250  014282b3  add     t0, t0, s4                 ; game.S:240 | add     t0, t0, s4
00000254  00c28023  sb      a2, 0(t0)                  ; game.S:241 | sb      a2, 0(t0)
00000258  00008067  ret                                ; game.S:242 | ret
0000025c  00859293  slli    t0, a1, 8                  ; game.S:246 | slli    t0, a1, 8
00000260  00a282b3  add     t0, t0, a0                 ; game.S:247 | add     t0, t0, a0
00000264  014282b3  add     t0, t0, s4                 ; game.S:248 | add     t0, t0, s4
00000268  00060a63  beqz    a2, place_hline_done       ; game.S:250 | beqz    a2, place_hline_done
0000026c  00d28023  sb      a3, 0(t0)                  ; game.S:251 | sb      a3, 0(t0)
00000270  00128293  addi    t0, t0, 1                  ; game.S:252 | addi    t0, t0, 1
00000274  fff60613  addi    a2, a2, -1                 ; game.S:253 | addi    a2, a2, -1
00000278  ff1ff06f  j       place_hline_loop           ; game.S:254 | j       place_hline_loop
0000027c  00008067  ret                                ; game.S:256 | ret
00000280  00859293  slli    t0, a1, 8                  ; game.S:260 | slli    t0, a1, 8
00000284  00a282b3  add     t0, t0, a0                 ; game.S:261 | add     t0, t0, a0
00000288  014282b3  add     t0, t0, s4                 ; game.S:262 | add     t0, t0, s4
0000028c  00060a63  beqz    a2, place_vline_done       ; game.S:264 | beqz    a2, place_vline_done
00000290  00d28023  sb      a3, 0(t0)                  ; game.S:265 | sb      a3, 0(t0)
00000294  10028293  addi    t0, t0, 256                ; game.S:266 | addi    t0, t0, 256
00000298  fff60613  addi    a2, a2, -1                 ; game.S:267 | addi    a2, a2, -1
0000029c  ff1ff06f  j       place_vline_loop           ; game.S:268 | j       place_vline_loop
000002a0  00008067  ret                                ; game.S:270 | ret
000002a4  00859293  slli    t0, a1, 8                  ; game.S:274 | slli    t0, a1, 8
000002a8  00a282b3  add     t0, t0, a0                 ; game.S:275 | add     t0, t0, a0
000002ac  014282b3  add     t0, t0, s4                 ; game.S:276 | add     t0, t0, s4
000002b0  04600313  addi t1, zero, 70                  ; game.S:277 | li      t1, COLLISION_SOLID | TILE_PIPE_TOP_L
000002b4  00628023  sb      t1, 0(t0)                  ; game.S:278 | sb      t1, 0(t0)
000002b8  04700313  addi t1, zero, 71                  ; game.S:279 | li      t1, COLLISION_SOLID | TILE_PIPE_TOP_R
000002bc  006280a3  sb      t1, 1(t0)                  ; game.S:280 | sb      t1, 1(t0)
000002c0  00158593  addi    a1, a1, 1                  ; game.S:281 | addi    a1, a1, 1
000002c4  10028293  addi    t0, t0, 256                ; game.S:282 | addi    t0, t0, 256
000002c8  00d00313  addi t1, zero, 13                  ; game.S:284 | li      t1, 13
000002cc  0265d063  bge     a1, t1, place_pipe_done    ; game.S:285 | bge     a1, t1, place_pipe_done
000002d0  04800313  addi t1, zero, 72                  ; game.S:286 | li      t1, COLLISION_SOLID | TILE_PIPE_BODY_L
000002d4  00628023  sb      t1, 0(t0)                  ; game.S:287 | sb      t1, 0(t0)
000002d8  04900313  addi t1, zero, 73                  ; game.S:288 | li      t1, COLLISION_SOLID | TILE_PIPE_BODY_R
000002dc  006280a3  sb      t1, 1(t0)                  ; game.S:289 | sb      t1, 1(t0)
000002e0  00158593  addi    a1, a1, 1                  ; game.S:290 | addi    a1, a1, 1
000002e4  10028293  addi    t0, t0, 256                ; game.S:291 | addi    t0, t0, 256
000002e8  fe1ff06f  j       place_pipe_body            ; game.S:292 | j       place_pipe_body
000002ec  00008067  ret                                ; game.S:294 | ret
000002f0  00000293  addi t0, zero, 0                   ; game.S:298 | li      t0, 0
000002f4  04b2d063  bge     t0, a1, place_stairs_done  ; game.S:300 | bge     t0, a1, place_stairs_done
000002f8  00c00313  addi t1, zero, 12                  ; game.S:301 | li      t1, 12
000002fc  40530333  sub     t1, t1, t0                 ; game.S:302 | sub     t1, t1, t0
00000300  00831393  slli    t2, t1, 8                  ; game.S:303 | slli    t2, t1, 8
00000304  00a383b3  add     t2, t2, a0                 ; game.S:304 | add     t2, t2, a0
00000308  005383b3  add     t2, t2, t0                 ; game.S:305 | add     t2, t2, t0
0000030c  014383b3  add     t2, t2, s4                 ; game.S:306 | add     t2, t2, s4
00000310  00128e13  addi    t3, t0, 1                  ; game.S:307 | addi    t3, t0, 1
00000314  04a00e93  addi t4, zero, 74                  ; game.S:308 | li      t4, COLLISION_SOLID | TILE_STAIR
00000318  000e0a63  beqz    t3, place_stairs_next      ; game.S:310 | beqz    t3, place_stairs_next
0000031c  01d38023  sb      t4, 0(t2)                  ; game.S:311 | sb      t4, 0(t2)
00000320  10038393  addi    t2, t2, 256                ; game.S:312 | addi    t2, t2, 256
00000324  fffe0e13  addi    t3, t3, -1                 ; game.S:313 | addi    t3, t3, -1
00000328  ff1ff06f  j       place_stairs_row           ; game.S:314 | j       place_stairs_row
0000032c  00128293  addi    t0, t0, 1                  ; game.S:316 | addi    t0, t0, 1
00000330  fc5ff06f  j       place_stairs_column        ; game.S:317 | j       place_stairs_column
00000334  00008067  ret                                ; game.S:319 | ret
00000338  ffc10113  addi    sp, sp, -4                 ; game.S:326 | addi    sp, sp, -4
0000033c  00112023  sw      ra, 0(sp)                  ; game.S:327 | sw      ra, 0(sp)
00000340  02042023  sw      zero, ST_SCORE(s0)         ; game.S:328 | sw      zero, ST_SCORE(s0)
00000344  00300293  addi t0, zero, 3                   ; game.S:329 | li      t0, 3
00000348  02542c23  sw      t0, ST_LIVES(s0)           ; game.S:330 | sw      t0, ST_LIVES(s0)
0000034c  010000ef  call    reset_round                ; game.S:331 | call    reset_round
00000350  00012083  lw      ra, 0(sp)                  ; game.S:332 | lw      ra, 0(sp)
00000354  00410113  addi    sp, sp, 4                  ; game.S:333 | addi    sp, sp, 4
00000358  00008067  ret                                ; game.S:334 | ret
0000035c  02000293  addi t0, zero, 32                  ; game.S:337 | li      t0, 32
00000360  00542023  sw      t0, ST_PLAYER_X(s0)        ; game.S:338 | sw      t0, ST_PLAYER_X(s0)
00000364  0c100293  addi t0, zero, 193                 ; game.S:339 | li      t0, GROUND_Y
00000368  00542223  sw      t0, ST_PLAYER_Y(s0)        ; game.S:340 | sw      t0, ST_PLAYER_Y(s0)
0000036c  00042423  sw      zero, ST_PLAYER_VX(s0)     ; game.S:341 | sw      zero, ST_PLAYER_VX(s0)
00000370  00042623  sw      zero, ST_PLAYER_VY(s0)     ; game.S:342 | sw      zero, ST_PLAYER_VY(s0)
00000374  00100293  addi t0, zero, 1                   ; game.S:343 | li      t0, 1
00000378  00542823  sw      t0, ST_GROUNDED(s0)        ; game.S:344 | sw      t0, ST_GROUNDED(s0)
0000037c  00042a23  sw      zero, ST_PREV_INPUT(s0)    ; game.S:345 | sw      zero, ST_PREV_INPUT(s0)
00000380  00042c23  sw      zero, ST_GAME_STATE(s0)    ; game.S:346 | sw      zero, ST_GAME_STATE(s0)
00000384  00042e23  sw      zero, ST_CAMERA_X(s0)      ; game.S:347 | sw      zero, ST_CAMERA_X(s0)
00000388  12c00293  addi t0, zero, 300                 ; game.S:348 | li      t0, 300
0000038c  02542223  sw      t0, ST_TIME(s0)            ; game.S:349 | sw      t0, ST_TIME(s0)
00000390  02042423  sw      zero, ST_SECOND_DIV(s0)    ; game.S:350 | sw      zero, ST_SECOND_DIV(s0)
00000394  02000293  addi t0, zero, 32                  ; game.S:351 | li      t0, TILE_PLAYER_IDLE
00000398  02542623  sw      t0, ST_ANIMATION(s0)       ; game.S:352 | sw      t0, ST_ANIMATION(s0)
0000039c  02042a23  sw      zero, ST_DEATH_TIMER(s0)   ; game.S:353 | sw      zero, ST_DEATH_TIMER(s0)
000003a0  12000293  addi t0, zero, 288                 ; game.S:355 | li      t0, 288
000003a4  04542823  sw      t0, ENEMY0+ENEMY_X(s0)     ; game.S:356 | sw      t0, ENEMY0+ENEMY_X(s0)
000003a8  0c100293  addi t0, zero, 193                 ; game.S:357 | li      t0, GROUND_Y
000003ac  04542a23  sw      t0, ENEMY0+ENEMY_Y(s0)     ; game.S:358 | sw      t0, ENEMY0+ENEMY_Y(s0)
000003b0  fff00293  addi t0, zero, -1                  ; game.S:359 | li      t0, -1
000003b4  04542c23  sw      t0, ENEMY0+ENEMY_DIR(s0)   ; game.S:360 | sw      t0, ENEMY0+ENEMY_DIR(s0)
000003b8  00100293  addi t0, zero, 1                   ; game.S:361 | li      t0, 1
000003bc  04542e23  sw      t0, ENEMY0+ENEMY_ACTIVE(s0) ; game.S:362 | sw      t0, ENEMY0+ENEMY_ACTIVE(s0)
000003c0  06042023  sw      zero, ENEMY0+ENEMY_ANIM(s0) ; game.S:363 | sw      zero, ENEMY0+ENEMY_ANIM(s0)
000003c4  28000293  addi t0, zero, 640                 ; game.S:365 | li      t0, 640
000003c8  06542423  sw      t0, ENEMY1+ENEMY_X(s0)     ; game.S:366 | sw      t0, ENEMY1+ENEMY_X(s0)
000003cc  0c100293  addi t0, zero, 193                 ; game.S:367 | li      t0, GROUND_Y
000003d0  06542623  sw      t0, ENEMY1+ENEMY_Y(s0)     ; game.S:368 | sw      t0, ENEMY1+ENEMY_Y(s0)
000003d4  fff00293  addi t0, zero, -1                  ; game.S:369 | li      t0, -1
000003d8  06542823  sw      t0, ENEMY1+ENEMY_DIR(s0)   ; game.S:370 | sw      t0, ENEMY1+ENEMY_DIR(s0)
000003dc  00100293  addi t0, zero, 1                   ; game.S:371 | li      t0, 1
000003e0  06542a23  sw      t0, ENEMY1+ENEMY_ACTIVE(s0) ; game.S:372 | sw      t0, ENEMY1+ENEMY_ACTIVE(s0)
000003e4  06042c23  sw      zero, ENEMY1+ENEMY_ANIM(s0) ; game.S:373 | sw      zero, ENEMY1+ENEMY_ANIM(s0)
000003e8  43800293  addi t0, zero, 1080                ; game.S:375 | li      t0, 1080
000003ec  08542023  sw      t0, ENEMY2+ENEMY_X(s0)     ; game.S:376 | sw      t0, ENEMY2+ENEMY_X(s0)
000003f0  0c100293  addi t0, zero, 193                 ; game.S:377 | li      t0, GROUND_Y
000003f4  08542223  sw      t0, ENEMY2+ENEMY_Y(s0)     ; game.S:378 | sw      t0, ENEMY2+ENEMY_Y(s0)
000003f8  00100293  addi t0, zero, 1                   ; game.S:379 | li      t0, 1
000003fc  08542423  sw      t0, ENEMY2+ENEMY_DIR(s0)   ; game.S:380 | sw      t0, ENEMY2+ENEMY_DIR(s0)
00000400  00100293  addi t0, zero, 1                   ; game.S:381 | li      t0, 1
00000404  08542623  sw      t0, ENEMY2+ENEMY_ACTIVE(s0) ; game.S:382 | sw      t0, ENEMY2+ENEMY_ACTIVE(s0)
00000408  08042823  sw      zero, ENEMY2+ENEMY_ANIM(s0) ; game.S:383 | sw      zero, ENEMY2+ENEMY_ANIM(s0)
0000040c  00008067  ret                                ; game.S:384 | ret
00000410  01842283  lw      t0, ST_GAME_STATE(s0)      ; game.S:387 | lw      t0, ST_GAME_STATE(s0)
00000414  02029263  bnez    t0, set_dead_done          ; game.S:388 | bnez    t0, set_dead_done
00000418  00100293  addi t0, zero, 1                   ; game.S:389 | li      t0, STATE_DEAD
0000041c  00542c23  sw      t0, ST_GAME_STATE(s0)      ; game.S:390 | sw      t0, ST_GAME_STATE(s0)
00000420  05a00293  addi t0, zero, 90                  ; game.S:391 | li      t0, 90
00000424  02542a23  sw      t0, ST_DEATH_TIMER(s0)     ; game.S:392 | sw      t0, ST_DEATH_TIMER(s0)
00000428  03842283  lw      t0, ST_LIVES(s0)           ; game.S:393 | lw      t0, ST_LIVES(s0)
0000042c  00028663  beqz    t0, set_dead_done          ; game.S:394 | beqz    t0, set_dead_done
00000430  fff28293  addi    t0, t0, -1                 ; game.S:395 | addi    t0, t0, -1
00000434  02542c23  sw      t0, ST_LIVES(s0)           ; game.S:396 | sw      t0, ST_LIVES(s0)
00000438  00008067  ret                                ; game.S:398 | ret
0000043c  01842283  lw      t0, ST_GAME_STATE(s0)      ; game.S:401 | lw      t0, ST_GAME_STATE(s0)
00000440  00029c63  bnez    t0, set_win_done           ; game.S:402 | bnez    t0, set_win_done
00000444  00200293  addi t0, zero, 2                   ; game.S:403 | li      t0, STATE_WIN
00000448  00542c23  sw      t0, ST_GAME_STATE(s0)      ; game.S:404 | sw      t0, ST_GAME_STATE(s0)
0000044c  02042283  lw      t0, ST_SCORE(s0)           ; game.S:405 | lw      t0, ST_SCORE(s0)
00000450  3e828293  addi    t0, t0, 1000               ; game.S:406 | addi    t0, t0, 1000
00000454  02542023  sw      t0, ST_SCORE(s0)           ; game.S:407 | sw      t0, ST_SCORE(s0)
00000458  00008067  ret                                ; game.S:409 | ret
0000045c  ffc10113  addi    sp, sp, -4                 ; game.S:413 | addi    sp, sp, -4
00000460  00112023  sw      ra, 0(sp)                  ; game.S:414 | sw      ra, 0(sp)
00000464  01400293  addi t0, zero, 20                  ; game.S:415 | li      t0, INPUT_ACTION | INPUT_JUMP
00000468  00a2f2b3  and     t0, t0, a0                 ; game.S:416 | and     t0, t0, a0
0000046c  02028263  beqz    t0, update_nonplay_done    ; game.S:417 | beqz    t0, update_nonplay_done
00000470  01842283  lw      t0, ST_GAME_STATE(s0)      ; game.S:418 | lw      t0, ST_GAME_STATE(s0)
00000474  00200313  addi t1, zero, 2                   ; game.S:419 | li      t1, STATE_WIN
00000478  00628a63  beq     t0, t1, update_nonplay_new_game ; game.S:420 | beq     t0, t1, update_nonplay_new_game
0000047c  03842283  lw      t0, ST_LIVES(s0)           ; game.S:421 | lw      t0, ST_LIVES(s0)
00000480  00028663  beqz    t0, update_nonplay_new_game ; game.S:422 | beqz    t0, update_nonplay_new_game
00000484  ed9ff0ef  call    reset_round                ; game.S:423 | call    reset_round
00000488  0080006f  j       update_nonplay_done        ; game.S:424 | j       update_nonplay_done
0000048c  eadff0ef  call    new_game                   ; game.S:426 | call    new_game
00000490  00012083  lw      ra, 0(sp)                  ; game.S:428 | lw      ra, 0(sp)
00000494  00410113  addi    sp, sp, 4                  ; game.S:429 | addi    sp, sp, 4
00000498  00008067  ret                                ; game.S:430 | ret
0000049c  02054c63  bltz    a0, tile_class_solid       ; game.S:439 | bltz    a0, tile_class_solid
000004a0  0205ce63  bltz    a1, tile_class_empty       ; game.S:440 | bltz    a1, tile_class_empty
000004a4  60000293  addi t0, zero, 1536                ; game.S:441 | li      t0, LEVEL_WIDTH_PX
000004a8  02555663  bge     a0, t0, tile_class_solid   ; game.S:442 | bge     a0, t0, tile_class_solid
000004ac  10000293  addi t0, zero, 256                 ; game.S:443 | li      t0, 256
000004b0  0255d663  bge     a1, t0, tile_class_empty   ; game.S:444 | bge     a1, t0, tile_class_empty
000004b4  00455293  srli    t0, a0, 4                  ; game.S:445 | srli    t0, a0, 4
000004b8  0045d313  srli    t1, a1, 4                  ; game.S:446 | srli    t1, a1, 4
000004bc  00831313  slli    t1, t1, 8                  ; game.S:447 | slli    t1, t1, 8
000004c0  006282b3  add     t0, t0, t1                 ; game.S:448 | add     t0, t0, t1
000004c4  014282b3  add     t0, t0, s4                 ; game.S:449 | add     t0, t0, s4
000004c8  0002c503  lbu     a0, 0(t0)                  ; game.S:450 | lbu     a0, 0(t0)
000004cc  0c057513  andi    a0, a0, 0xc0               ; game.S:451 | andi    a0, a0, 0xc0
000004d0  00008067  ret                                ; game.S:452 | ret
000004d4  04000513  addi a0, zero, 64                  ; game.S:454 | li      a0, COLLISION_SOLID
000004d8  00008067  ret                                ; game.S:455 | ret
000004dc  00000513  addi a0, zero, 0                   ; game.S:457 | li      a0, COLLISION_EMPTY
000004e0  00008067  ret                                ; game.S:458 | ret
000004e4  fe010113  addi    sp, sp, -32                ; game.S:462 | addi    sp, sp, -32
000004e8  00112e23  sw      ra, 28(sp)                 ; game.S:463 | sw      ra, 28(sp)
000004ec  01512c23  sw      s5, 24(sp)                 ; game.S:464 | sw      s5, 24(sp)
000004f0  01612a23  sw      s6, 20(sp)                 ; game.S:465 | sw      s6, 20(sp)
000004f4  01712823  sw      s7, 16(sp)                 ; game.S:466 | sw      s7, 16(sp)
000004f8  01812623  sw      s8, 12(sp)                 ; game.S:467 | sw      s8, 12(sp)
000004fc  00842283  lw      t0, ST_PLAYER_VX(s0)       ; game.S:470 | lw      t0, ST_PLAYER_VX(s0)
00000500  00157313  andi    t1, a0, INPUT_LEFT         ; game.S:471 | andi    t1, a0, INPUT_LEFT
00000504  00257393  andi    t2, a0, INPUT_RIGHT        ; game.S:472 | andi    t2, a0, INPUT_RIGHT
00000508  00030e63  beqz    t1, player_try_right       ; game.S:473 | beqz    t1, player_try_right
0000050c  02039863  bnez    t2, player_friction        ; game.S:474 | bnez    t2, player_friction
00000510  fff28293  addi    t0, t0, -1                 ; game.S:475 | addi    t0, t0, -1
00000514  ffd00e13  addi t3, zero, -3                  ; game.S:476 | li      t3, -3
00000518  03c2dc63  bge     t0, t3, player_vx_ready    ; game.S:477 | bge     t0, t3, player_vx_ready
0000051c  000e0293  mv      t0, t3                     ; game.S:478 | mv      t0, t3
00000520  0300006f  j       player_vx_ready            ; game.S:479 | j       player_vx_ready
00000524  00038c63  beqz    t2, player_friction        ; game.S:481 | beqz    t2, player_friction
00000528  00128293  addi    t0, t0, 1                  ; game.S:482 | addi    t0, t0, 1
0000052c  00300e13  addi t3, zero, 3                   ; game.S:483 | li      t3, 3
00000530  025e5063  bge     t3, t0, player_vx_ready    ; game.S:484 | bge     t3, t0, player_vx_ready
00000534  000e0293  mv      t0, t3                     ; game.S:485 | mv      t0, t3
00000538  0180006f  j       player_vx_ready            ; game.S:486 | j       player_vx_ready
0000053c  00028a63  beqz    t0, player_vx_ready        ; game.S:488 | beqz    t0, player_vx_ready
00000540  0002c663  bltz    t0, player_friction_negative ; game.S:489 | bltz    t0, player_friction_negative
00000544  fff28293  addi    t0, t0, -1                 ; game.S:490 | addi    t0, t0, -1
00000548  0080006f  j       player_vx_ready            ; game.S:491 | j       player_vx_ready
0000054c  00128293  addi    t0, t0, 1                  ; game.S:493 | addi    t0, t0, 1
00000550  00542423  sw      t0, ST_PLAYER_VX(s0)       ; game.S:495 | sw      t0, ST_PLAYER_VX(s0)
00000554  0045f313  andi    t1, a1, INPUT_JUMP         ; game.S:498 | andi    t1, a1, INPUT_JUMP
00000558  00030c63  beqz    t1, player_apply_gravity   ; game.S:499 | beqz    t1, player_apply_gravity
0000055c  01042303  lw      t1, ST_GROUNDED(s0)        ; game.S:500 | lw      t1, ST_GROUNDED(s0)
00000560  00030863  beqz    t1, player_apply_gravity   ; game.S:501 | beqz    t1, player_apply_gravity
00000564  ff900313  addi t1, zero, -7                  ; game.S:502 | li      t1, -7
00000568  00642623  sw      t1, ST_PLAYER_VY(s0)       ; game.S:503 | sw      t1, ST_PLAYER_VY(s0)
0000056c  00042823  sw      zero, ST_GROUNDED(s0)      ; game.S:504 | sw      zero, ST_GROUNDED(s0)
00000570  00c42303  lw      t1, ST_PLAYER_VY(s0)       ; game.S:506 | lw      t1, ST_PLAYER_VY(s0)
00000574  00130313  addi    t1, t1, 1                  ; game.S:507 | addi    t1, t1, 1
00000578  00600393  addi t2, zero, 6                   ; game.S:508 | li      t2, 6
0000057c  0063d463  bge     t2, t1, player_gravity_ready ; game.S:509 | bge     t2, t1, player_gravity_ready
00000580  00038313  mv      t1, t2                     ; game.S:510 | mv      t1, t2
00000584  00642623  sw      t1, ST_PLAYER_VY(s0)       ; game.S:512 | sw      t1, ST_PLAYER_VY(s0)
00000588  00842b03  lw      s6, ST_PLAYER_VX(s0)       ; game.S:515 | lw      s6, ST_PLAYER_VX(s0)
0000058c  00042283  lw      t0, ST_PLAYER_X(s0)        ; game.S:516 | lw      t0, ST_PLAYER_X(s0)
00000590  01628ab3  add     s5, t0, s6                 ; game.S:517 | add     s5, t0, s6
00000594  00442b83  lw      s7, ST_PLAYER_Y(s0)        ; game.S:518 | lw      s7, ST_PLAYER_Y(s0)
00000598  080b0e63  beqz    s6, player_vertical_begin  ; game.S:519 | beqz    s6, player_vertical_begin
0000059c  000a8513  mv      a0, s5                     ; game.S:520 | mv      a0, s5
000005a0  000b4463  bltz    s6, player_h_probe_x_ready ; game.S:521 | bltz    s6, player_h_probe_x_ready
000005a4  00b50513  addi    a0, a0, PLAYER_WIDTH-1     ; game.S:522 | addi    a0, a0, PLAYER_WIDTH-1
000005a8  001b8593  addi    a1, s7, 1                  ; game.S:524 | addi    a1, s7, 1
000005ac  ef1ff0ef  call    tile_class_at              ; game.S:525 | call    tile_class_at
000005b0  00050c13  mv      s8, a0                     ; game.S:526 | mv      s8, a0
000005b4  08000293  addi t0, zero, 128                 ; game.S:527 | li      t0, COLLISION_HAZARD
000005b8  1a5c0463  beq     s8, t0, player_hit_hazard  ; game.S:528 | beq     s8, t0, player_hit_hazard
000005bc  0c000293  addi t0, zero, 192                 ; game.S:529 | li      t0, COLLISION_SPECIAL
000005c0  1a5c0463  beq     s8, t0, player_hit_goal    ; game.S:530 | beq     s8, t0, player_hit_goal
000005c4  000a8513  mv      a0, s5                     ; game.S:532 | mv      a0, s5
000005c8  000b4463  bltz    s6, player_h_probe2_x_ready ; game.S:533 | bltz    s6, player_h_probe2_x_ready
000005cc  00b50513  addi    a0, a0, PLAYER_WIDTH-1     ; game.S:534 | addi    a0, a0, PLAYER_WIDTH-1
000005d0  00eb8593  addi    a1, s7, PLAYER_HEIGHT-1    ; game.S:536 | addi    a1, s7, PLAYER_HEIGHT-1
000005d4  ec9ff0ef  call    tile_class_at              ; game.S:537 | call    tile_class_at
000005d8  08000293  addi t0, zero, 128                 ; game.S:538 | li      t0, COLLISION_HAZARD
000005dc  18550263  beq     a0, t0, player_hit_hazard  ; game.S:539 | beq     a0, t0, player_hit_hazard
000005e0  0c000293  addi t0, zero, 192                 ; game.S:540 | li      t0, COLLISION_SPECIAL
000005e4  18550263  beq     a0, t0, player_hit_goal    ; game.S:541 | beq     a0, t0, player_hit_goal
000005e8  04000293  addi t0, zero, 64                  ; game.S:542 | li      t0, COLLISION_SOLID
000005ec  005c0863  beq     s8, t0, player_horizontal_blocked ; game.S:543 | beq     s8, t0, player_horizontal_blocked
000005f0  00550663  beq     a0, t0, player_horizontal_blocked ; game.S:544 | beq     a0, t0, player_horizontal_blocked
000005f4  01542023  sw      s5, ST_PLAYER_X(s0)        ; game.S:545 | sw      s5, ST_PLAYER_X(s0)
000005f8  03c0006f  j       player_vertical_begin      ; game.S:546 | j       player_vertical_begin
000005fc  000a8293  mv      t0, s5                     ; game.S:549 | mv      t0, s5
00000600  020b4063  bltz    s6, player_snap_left       ; game.S:550 | bltz    s6, player_snap_left
00000604  00b28293  addi    t0, t0, PLAYER_WIDTH-1     ; game.S:551 | addi    t0, t0, PLAYER_WIDTH-1
00000608  0042d293  srli    t0, t0, 4                  ; game.S:552 | srli    t0, t0, 4
0000060c  00429293  slli    t0, t0, 4                  ; game.S:553 | slli    t0, t0, 4
00000610  ff428293  addi    t0, t0, -PLAYER_WIDTH      ; game.S:554 | addi    t0, t0, -PLAYER_WIDTH
00000614  00542023  sw      t0, ST_PLAYER_X(s0)        ; game.S:555 | sw      t0, ST_PLAYER_X(s0)
00000618  00042423  sw      zero, ST_PLAYER_VX(s0)     ; game.S:556 | sw      zero, ST_PLAYER_VX(s0)
0000061c  0180006f  j       player_vertical_begin      ; game.S:557 | j       player_vertical_begin
00000620  0042d293  srli    t0, t0, 4                  ; game.S:559 | srli    t0, t0, 4
00000624  00128293  addi    t0, t0, 1                  ; game.S:560 | addi    t0, t0, 1
00000628  00429293  slli    t0, t0, 4                  ; game.S:561 | slli    t0, t0, 4
0000062c  00542023  sw      t0, ST_PLAYER_X(s0)        ; game.S:562 | sw      t0, ST_PLAYER_X(s0)
00000630  00042423  sw      zero, ST_PLAYER_VX(s0)     ; game.S:563 | sw      zero, ST_PLAYER_VX(s0)
00000634  00c42b03  lw      s6, ST_PLAYER_VY(s0)       ; game.S:566 | lw      s6, ST_PLAYER_VY(s0)
00000638  00442283  lw      t0, ST_PLAYER_Y(s0)        ; game.S:567 | lw      t0, ST_PLAYER_Y(s0)
0000063c  01628ab3  add     s5, t0, s6                 ; game.S:568 | add     s5, t0, s6
00000640  00042b83  lw      s7, ST_PLAYER_X(s0)        ; game.S:569 | lw      s7, ST_PLAYER_X(s0)
00000644  060b4e63  bltz    s6, player_move_up         ; game.S:570 | bltz    s6, player_move_up
00000648  001b8513  addi    a0, s7, 1                  ; game.S:573 | addi    a0, s7, 1
0000064c  00fa8593  addi    a1, s5, PLAYER_HEIGHT      ; game.S:574 | addi    a1, s5, PLAYER_HEIGHT
00000650  e4dff0ef  call    tile_class_at              ; game.S:575 | call    tile_class_at
00000654  00050c13  mv      s8, a0                     ; game.S:576 | mv      s8, a0
00000658  08000293  addi t0, zero, 128                 ; game.S:577 | li      t0, COLLISION_HAZARD
0000065c  105c0263  beq     s8, t0, player_hit_hazard  ; game.S:578 | beq     s8, t0, player_hit_hazard
00000660  0c000293  addi t0, zero, 192                 ; game.S:579 | li      t0, COLLISION_SPECIAL
00000664  105c0263  beq     s8, t0, player_hit_goal    ; game.S:580 | beq     s8, t0, player_hit_goal
00000668  00ab8513  addi    a0, s7, PLAYER_WIDTH-2     ; game.S:581 | addi    a0, s7, PLAYER_WIDTH-2
0000066c  00fa8593  addi    a1, s5, PLAYER_HEIGHT      ; game.S:582 | addi    a1, s5, PLAYER_HEIGHT
00000670  e2dff0ef  call    tile_class_at              ; game.S:583 | call    tile_class_at
00000674  08000293  addi t0, zero, 128                 ; game.S:584 | li      t0, COLLISION_HAZARD
00000678  0e550463  beq     a0, t0, player_hit_hazard  ; game.S:585 | beq     a0, t0, player_hit_hazard
0000067c  0c000293  addi t0, zero, 192                 ; game.S:586 | li      t0, COLLISION_SPECIAL
00000680  0e550463  beq     a0, t0, player_hit_goal    ; game.S:587 | beq     a0, t0, player_hit_goal
00000684  04000293  addi t0, zero, 64                  ; game.S:588 | li      t0, COLLISION_SOLID
00000688  005c0a63  beq     s8, t0, player_landed      ; game.S:589 | beq     s8, t0, player_landed
0000068c  00550863  beq     a0, t0, player_landed      ; game.S:590 | beq     a0, t0, player_landed
00000690  01542223  sw      s5, ST_PLAYER_Y(s0)        ; game.S:591 | sw      s5, ST_PLAYER_Y(s0)
00000694  00042823  sw      zero, ST_GROUNDED(s0)      ; game.S:592 | sw      zero, ST_GROUNDED(s0)
00000698  0940006f  j       player_post_move           ; game.S:593 | j       player_post_move
0000069c  00fa8293  addi    t0, s5, PLAYER_HEIGHT      ; game.S:596 | addi    t0, s5, PLAYER_HEIGHT
000006a0  0042d293  srli    t0, t0, 4                  ; game.S:597 | srli    t0, t0, 4
000006a4  00429293  slli    t0, t0, 4                  ; game.S:598 | slli    t0, t0, 4
000006a8  ff128293  addi    t0, t0, -PLAYER_HEIGHT     ; game.S:599 | addi    t0, t0, -PLAYER_HEIGHT
000006ac  00542223  sw      t0, ST_PLAYER_Y(s0)        ; game.S:600 | sw      t0, ST_PLAYER_Y(s0)
000006b0  00042623  sw      zero, ST_PLAYER_VY(s0)     ; game.S:601 | sw      zero, ST_PLAYER_VY(s0)
000006b4  00100293  addi t0, zero, 1                   ; game.S:602 | li      t0, 1
000006b8  00542823  sw      t0, ST_GROUNDED(s0)        ; game.S:603 | sw      t0, ST_GROUNDED(s0)
000006bc  0700006f  j       player_post_move           ; game.S:604 | j       player_post_move
000006c0  001b8513  addi    a0, s7, 1                  ; game.S:607 | addi    a0, s7, 1
000006c4  000a8593  mv      a1, s5                     ; game.S:608 | mv      a1, s5
000006c8  dd5ff0ef  call    tile_class_at              ; game.S:609 | call    tile_class_at
000006cc  00050c13  mv      s8, a0                     ; game.S:610 | mv      s8, a0
000006d0  08000293  addi t0, zero, 128                 ; game.S:611 | li      t0, COLLISION_HAZARD
000006d4  085c0663  beq     s8, t0, player_hit_hazard  ; game.S:612 | beq     s8, t0, player_hit_hazard
000006d8  0c000293  addi t0, zero, 192                 ; game.S:613 | li      t0, COLLISION_SPECIAL
000006dc  085c0663  beq     s8, t0, player_hit_goal    ; game.S:614 | beq     s8, t0, player_hit_goal
000006e0  00ab8513  addi    a0, s7, PLAYER_WIDTH-2     ; game.S:615 | addi    a0, s7, PLAYER_WIDTH-2
000006e4  000a8593  mv      a1, s5                     ; game.S:616 | mv      a1, s5
000006e8  db5ff0ef  call    tile_class_at              ; game.S:617 | call    tile_class_at
000006ec  08000293  addi t0, zero, 128                 ; game.S:618 | li      t0, COLLISION_HAZARD
000006f0  06550863  beq     a0, t0, player_hit_hazard  ; game.S:619 | beq     a0, t0, player_hit_hazard
000006f4  0c000293  addi t0, zero, 192                 ; game.S:620 | li      t0, COLLISION_SPECIAL
000006f8  06550863  beq     a0, t0, player_hit_goal    ; game.S:621 | beq     a0, t0, player_hit_goal
000006fc  04000293  addi t0, zero, 64                  ; game.S:622 | li      t0, COLLISION_SOLID
00000700  005c0a63  beq     s8, t0, player_head_hit    ; game.S:623 | beq     s8, t0, player_head_hit
00000704  00550863  beq     a0, t0, player_head_hit    ; game.S:624 | beq     a0, t0, player_head_hit
00000708  01542223  sw      s5, ST_PLAYER_Y(s0)        ; game.S:625 | sw      s5, ST_PLAYER_Y(s0)
0000070c  00042823  sw      zero, ST_GROUNDED(s0)      ; game.S:626 | sw      zero, ST_GROUNDED(s0)
00000710  01c0006f  j       player_post_move           ; game.S:627 | j       player_post_move
00000714  004ad293  srli    t0, s5, 4                  ; game.S:629 | srli    t0, s5, 4
00000718  00128293  addi    t0, t0, 1                  ; game.S:630 | addi    t0, t0, 1
0000071c  00429293  slli    t0, t0, 4                  ; game.S:631 | slli    t0, t0, 4
00000720  00542223  sw      t0, ST_PLAYER_Y(s0)        ; game.S:632 | sw      t0, ST_PLAYER_Y(s0)
00000724  00042623  sw      zero, ST_PLAYER_VY(s0)     ; game.S:633 | sw      zero, ST_PLAYER_VY(s0)
00000728  00042823  sw      zero, ST_GROUNDED(s0)      ; game.S:634 | sw      zero, ST_GROUNDED(s0)
0000072c  00042503  lw      a0, ST_PLAYER_X(s0)        ; game.S:638 | lw      a0, ST_PLAYER_X(s0)
00000730  00650513  addi    a0, a0, 6                  ; game.S:639 | addi    a0, a0, 6
00000734  00442583  lw      a1, ST_PLAYER_Y(s0)        ; game.S:640 | lw      a1, ST_PLAYER_Y(s0)
00000738  00e58593  addi    a1, a1, PLAYER_HEIGHT-1    ; game.S:641 | addi    a1, a1, PLAYER_HEIGHT-1
0000073c  d61ff0ef  call    tile_class_at              ; game.S:642 | call    tile_class_at
00000740  08000293  addi t0, zero, 128                 ; game.S:643 | li      t0, COLLISION_HAZARD
00000744  00550e63  beq     a0, t0, player_hit_hazard  ; game.S:644 | beq     a0, t0, player_hit_hazard
00000748  0c000293  addi t0, zero, 192                 ; game.S:645 | li      t0, COLLISION_SPECIAL
0000074c  00550e63  beq     a0, t0, player_hit_goal    ; game.S:646 | beq     a0, t0, player_hit_goal
00000750  00442283  lw      t0, ST_PLAYER_Y(s0)        ; game.S:647 | lw      t0, ST_PLAYER_Y(s0)
00000754  0f000313  addi t1, zero, 240                 ; game.S:648 | li      t1, 240
00000758  00534463  blt     t1, t0, player_hit_hazard  ; game.S:649 | blt     t1, t0, player_hit_hazard
0000075c  0100006f  j       player_update_done         ; game.S:650 | j       player_update_done
00000760  cb1ff0ef  call    set_dead                   ; game.S:653 | call    set_dead
00000764  0080006f  j       player_update_done         ; game.S:654 | j       player_update_done
00000768  cd5ff0ef  call    set_win                    ; game.S:656 | call    set_win
0000076c  00c12c03  lw      s8, 12(sp)                 ; game.S:658 | lw      s8, 12(sp)
00000770  01012b83  lw      s7, 16(sp)                 ; game.S:659 | lw      s7, 16(sp)
00000774  01412b03  lw      s6, 20(sp)                 ; game.S:660 | lw      s6, 20(sp)
00000778  01812a83  lw      s5, 24(sp)                 ; game.S:661 | lw      s5, 24(sp)
0000077c  01c12083  lw      ra, 28(sp)                 ; game.S:662 | lw      ra, 28(sp)
00000780  02010113  addi    sp, sp, 32                 ; game.S:663 | addi    sp, sp, 32
00000784  00008067  ret                                ; game.S:664 | ret
00000788  ffc10113  addi    sp, sp, -4                 ; game.S:672 | addi    sp, sp, -4
0000078c  00112023  sw      ra, 0(sp)                  ; game.S:673 | sw      ra, 0(sp)
00000790  05040513  addi    a0, s0, ENEMY0             ; game.S:674 | addi    a0, s0, ENEMY0
00000794  030000ef  call    update_enemy_one           ; game.S:675 | call    update_enemy_one
00000798  01842283  lw      t0, ST_GAME_STATE(s0)      ; game.S:676 | lw      t0, ST_GAME_STATE(s0)
0000079c  00029e63  bnez    t0, update_enemies_done    ; game.S:677 | bnez    t0, update_enemies_done
000007a0  06840513  addi    a0, s0, ENEMY1             ; game.S:678 | addi    a0, s0, ENEMY1
000007a4  020000ef  call    update_enemy_one           ; game.S:679 | call    update_enemy_one
000007a8  01842283  lw      t0, ST_GAME_STATE(s0)      ; game.S:680 | lw      t0, ST_GAME_STATE(s0)
000007ac  00029663  bnez    t0, update_enemies_done    ; game.S:681 | bnez    t0, update_enemies_done
000007b0  08040513  addi    a0, s0, ENEMY2             ; game.S:682 | addi    a0, s0, ENEMY2
000007b4  010000ef  call    update_enemy_one           ; game.S:683 | call    update_enemy_one
000007b8  00012083  lw      ra, 0(sp)                  ; game.S:685 | lw      ra, 0(sp)
000007bc  00410113  addi    sp, sp, 4                  ; game.S:686 | addi    sp, sp, 4
000007c0  00008067  ret                                ; game.S:687 | ret
000007c4  fe010113  addi    sp, sp, -32                ; game.S:691 | addi    sp, sp, -32
000007c8  00112e23  sw      ra, 28(sp)                 ; game.S:692 | sw      ra, 28(sp)
000007cc  01512c23  sw      s5, 24(sp)                 ; game.S:693 | sw      s5, 24(sp)
000007d0  01612a23  sw      s6, 20(sp)                 ; game.S:694 | sw      s6, 20(sp)
000007d4  01712823  sw      s7, 16(sp)                 ; game.S:695 | sw      s7, 16(sp)
000007d8  01812623  sw      s8, 12(sp)                 ; game.S:696 | sw      s8, 12(sp)
000007dc  01912423  sw      s9, 8(sp)                  ; game.S:697 | sw      s9, 8(sp)
000007e0  00050a93  mv      s5, a0                     ; game.S:698 | mv      s5, a0
000007e4  00caa283  lw      t0, ENEMY_ACTIVE(s5)       ; game.S:699 | lw      t0, ENEMY_ACTIVE(s5)
000007e8  0c028663  beqz    t0, enemy_done             ; game.S:700 | beqz    t0, enemy_done
000007ec  000aab03  lw      s6, ENEMY_X(s5)            ; game.S:701 | lw      s6, ENEMY_X(s5)
000007f0  004aab83  lw      s7, ENEMY_Y(s5)            ; game.S:702 | lw      s7, ENEMY_Y(s5)
000007f4  008aac03  lw      s8, ENEMY_DIR(s5)          ; game.S:703 | lw      s8, ENEMY_DIR(s5)
000007f8  018b0cb3  add     s9, s6, s8                 ; game.S:704 | add     s9, s6, s8
000007fc  000c8513  mv      a0, s9                     ; game.S:707 | mv      a0, s9
00000800  000c4463  bltz    s8, enemy_front_ready      ; game.S:708 | bltz    s8, enemy_front_ready
00000804  00b50513  addi    a0, a0, 11                 ; game.S:709 | addi    a0, a0, 11
00000808  00eb8593  addi    a1, s7, 14                 ; game.S:711 | addi    a1, s7, 14
0000080c  c91ff0ef  call    tile_class_at              ; game.S:712 | call    tile_class_at
00000810  04000293  addi t0, zero, 64                  ; game.S:713 | li      t0, COLLISION_SOLID
00000814  08550c63  beq     a0, t0, enemy_reverse      ; game.S:714 | beq     a0, t0, enemy_reverse
00000818  006c8513  addi    a0, s9, 6                  ; game.S:717 | addi    a0, s9, 6
0000081c  010b8593  addi    a1, s7, 16                 ; game.S:718 | addi    a1, s7, 16
00000820  c7dff0ef  call    tile_class_at              ; game.S:719 | call    tile_class_at
00000824  04000293  addi t0, zero, 64                  ; game.S:720 | li      t0, COLLISION_SOLID
00000828  08551263  bne     a0, t0, enemy_reverse      ; game.S:721 | bne     a0, t0, enemy_reverse
0000082c  019aa023  sw      s9, ENEMY_X(s5)            ; game.S:722 | sw      s9, ENEMY_X(s5)
00000830  03042283  lw      t0, ST_FRAME_LAST(s0)      ; game.S:725 | lw      t0, ST_FRAME_LAST(s0)
00000834  0032d293  srli    t0, t0, 3                  ; game.S:726 | srli    t0, t0, 3
00000838  0012f293  andi    t0, t0, 1                  ; game.S:727 | andi    t0, t0, 1
0000083c  005aa823  sw      t0, ENEMY_ANIM(s5)         ; game.S:728 | sw      t0, ENEMY_ANIM(s5)
00000840  00042283  lw      t0, ST_PLAYER_X(s0)        ; game.S:731 | lw      t0, ST_PLAYER_X(s0)
00000844  41928333  sub     t1, t0, s9                 ; game.S:732 | sub     t1, t0, s9
00000848  00035463  bgez    t1, enemy_dx_ready         ; game.S:733 | bgez    t1, enemy_dx_ready
0000084c  40600333  neg     t1, t1                     ; game.S:734 | neg     t1, t1
00000850  00c00393  addi t2, zero, 12                  ; game.S:736 | li      t2, 12
00000854  06735063  bge     t1, t2, enemy_done         ; game.S:737 | bge     t1, t2, enemy_done
00000858  00442283  lw      t0, ST_PLAYER_Y(s0)        ; game.S:738 | lw      t0, ST_PLAYER_Y(s0)
0000085c  41728333  sub     t1, t0, s7                 ; game.S:739 | sub     t1, t0, s7
00000860  00035463  bgez    t1, enemy_dy_ready         ; game.S:740 | bgez    t1, enemy_dy_ready
00000864  40600333  neg     t1, t1                     ; game.S:741 | neg     t1, t1
00000868  00f00393  addi t2, zero, 15                  ; game.S:743 | li      t2, 15
0000086c  04735463  bge     t1, t2, enemy_done         ; game.S:744 | bge     t1, t2, enemy_done
00000870  00c42283  lw      t0, ST_PLAYER_VY(s0)       ; game.S:747 | lw      t0, ST_PLAYER_VY(s0)
00000874  02505863  blez    t0, enemy_hurts_player     ; game.S:748 | blez    t0, enemy_hurts_player
00000878  00442283  lw      t0, ST_PLAYER_Y(s0)        ; game.S:749 | lw      t0, ST_PLAYER_Y(s0)
0000087c  00a28293  addi    t0, t0, 10                 ; game.S:750 | addi    t0, t0, 10
00000880  008b8313  addi    t1, s7, 8                  ; game.S:751 | addi    t1, s7, 8
00000884  0262d063  bge     t0, t1, enemy_hurts_player ; game.S:752 | bge     t0, t1, enemy_hurts_player
00000888  000aa623  sw      zero, ENEMY_ACTIVE(s5)     ; game.S:753 | sw      zero, ENEMY_ACTIVE(s5)
0000088c  ffb00293  addi t0, zero, -5                  ; game.S:754 | li      t0, -5
00000890  00542623  sw      t0, ST_PLAYER_VY(s0)       ; game.S:755 | sw      t0, ST_PLAYER_VY(s0)
00000894  02042283  lw      t0, ST_SCORE(s0)           ; game.S:756 | lw      t0, ST_SCORE(s0)
00000898  06428293  addi    t0, t0, 100                ; game.S:757 | addi    t0, t0, 100
0000089c  02542023  sw      t0, ST_SCORE(s0)           ; game.S:758 | sw      t0, ST_SCORE(s0)
000008a0  0140006f  j       enemy_done                 ; game.S:759 | j       enemy_done
000008a4  b6dff0ef  call    set_dead                   ; game.S:762 | call    set_dead
000008a8  00c0006f  j       enemy_done                 ; game.S:763 | j       enemy_done
000008ac  41800c33  neg     s8, s8                     ; game.S:765 | neg     s8, s8
000008b0  018aa423  sw      s8, ENEMY_DIR(s5)          ; game.S:766 | sw      s8, ENEMY_DIR(s5)
000008b4  00812c83  lw      s9, 8(sp)                  ; game.S:768 | lw      s9, 8(sp)
000008b8  00c12c03  lw      s8, 12(sp)                 ; game.S:769 | lw      s8, 12(sp)
000008bc  01012b83  lw      s7, 16(sp)                 ; game.S:770 | lw      s7, 16(sp)
000008c0  01412b03  lw      s6, 20(sp)                 ; game.S:771 | lw      s6, 20(sp)
000008c4  01812a83  lw      s5, 24(sp)                 ; game.S:772 | lw      s5, 24(sp)
000008c8  01c12083  lw      ra, 28(sp)                 ; game.S:773 | lw      ra, 28(sp)
000008cc  02010113  addi    sp, sp, 32                 ; game.S:774 | addi    sp, sp, 32
000008d0  00008067  ret                                ; game.S:775 | ret
000008d4  ffc10113  addi    sp, sp, -4                 ; game.S:780 | addi    sp, sp, -4
000008d8  00112023  sw      ra, 0(sp)                  ; game.S:781 | sw      ra, 0(sp)
000008dc  02842283  lw      t0, ST_SECOND_DIV(s0)      ; game.S:782 | lw      t0, ST_SECOND_DIV(s0)
000008e0  00128293  addi    t0, t0, 1                  ; game.S:783 | addi    t0, t0, 1
000008e4  03c00313  addi t1, zero, 60                  ; game.S:784 | li      t1, FRAME_HZ
000008e8  0262c263  blt     t0, t1, update_timer_store ; game.S:785 | blt     t0, t1, update_timer_store
000008ec  02042423  sw      zero, ST_SECOND_DIV(s0)    ; game.S:786 | sw      zero, ST_SECOND_DIV(s0)
000008f0  02442283  lw      t0, ST_TIME(s0)            ; game.S:787 | lw      t0, ST_TIME(s0)
000008f4  00028863  beqz    t0, update_timer_expired   ; game.S:788 | beqz    t0, update_timer_expired
000008f8  fff28293  addi    t0, t0, -1                 ; game.S:789 | addi    t0, t0, -1
000008fc  02542223  sw      t0, ST_TIME(s0)            ; game.S:790 | sw      t0, ST_TIME(s0)
00000900  00029863  bnez    t0, update_timer_done      ; game.S:791 | bnez    t0, update_timer_done
00000904  b0dff0ef  call    set_dead                   ; game.S:793 | call    set_dead
00000908  0080006f  j       update_timer_done          ; game.S:794 | j       update_timer_done
0000090c  02542423  sw      t0, ST_SECOND_DIV(s0)      ; game.S:796 | sw      t0, ST_SECOND_DIV(s0)
00000910  00012083  lw      ra, 0(sp)                  ; game.S:798 | lw      ra, 0(sp)
00000914  00410113  addi    sp, sp, 4                  ; game.S:799 | addi    sp, sp, 4
00000918  00008067  ret                                ; game.S:800 | ret
0000091c  01842283  lw      t0, ST_GAME_STATE(s0)      ; game.S:805 | lw      t0, ST_GAME_STATE(s0)
00000920  02029e63  bnez    t0, animation_nonplay      ; game.S:806 | bnez    t0, animation_nonplay
00000924  01042283  lw      t0, ST_GROUNDED(s0)        ; game.S:807 | lw      t0, ST_GROUNDED(s0)
00000928  02028463  beqz    t0, animation_jump         ; game.S:808 | beqz    t0, animation_jump
0000092c  00842283  lw      t0, ST_PLAYER_VX(s0)       ; game.S:809 | lw      t0, ST_PLAYER_VX(s0)
00000930  02028a63  beqz    t0, animation_idle         ; game.S:810 | beqz    t0, animation_idle
00000934  03042283  lw      t0, ST_FRAME_LAST(s0)      ; game.S:811 | lw      t0, ST_FRAME_LAST(s0)
00000938  0032d293  srli    t0, t0, 3                  ; game.S:812 | srli    t0, t0, 3
0000093c  0012f293  andi    t0, t0, 1                  ; game.S:813 | andi    t0, t0, 1
00000940  02028263  beqz    t0, animation_idle         ; game.S:814 | beqz    t0, animation_idle
00000944  02100293  addi t0, zero, 33                  ; game.S:815 | li      t0, TILE_PLAYER_WALK
00000948  02542623  sw      t0, ST_ANIMATION(s0)       ; game.S:816 | sw      t0, ST_ANIMATION(s0)
0000094c  00008067  ret                                ; game.S:817 | ret
00000950  02200293  addi t0, zero, 34                  ; game.S:819 | li      t0, TILE_PLAYER_JUMP
00000954  02542623  sw      t0, ST_ANIMATION(s0)       ; game.S:820 | sw      t0, ST_ANIMATION(s0)
00000958  00008067  ret                                ; game.S:821 | ret
0000095c  00100313  addi t1, zero, 1                   ; game.S:823 | li      t1, STATE_DEAD
00000960  fe6288e3  beq     t0, t1, animation_jump     ; game.S:824 | beq     t0, t1, animation_jump
00000964  02000293  addi t0, zero, 32                  ; game.S:826 | li      t0, TILE_PLAYER_IDLE
00000968  02542623  sw      t0, ST_ANIMATION(s0)       ; game.S:827 | sw      t0, ST_ANIMATION(s0)
0000096c  00008067  ret                                ; game.S:828 | ret
00000970  00042283  lw      t0, ST_PLAYER_X(s0)        ; game.S:833 | lw      t0, ST_PLAYER_X(s0)
00000974  fa028293  addi    t0, t0, -96                ; game.S:834 | addi    t0, t0, -96
00000978  0002d463  bgez    t0, camera_not_negative    ; game.S:835 | bgez    t0, camera_not_negative
0000097c  00000293  addi t0, zero, 0                   ; game.S:836 | li      t0, 0
00000980  50000313  addi t1, zero, 1280                ; game.S:838 | li      t1, CAMERA_MAX
00000984  00535463  bge     t1, t0, camera_ready       ; game.S:839 | bge     t1, t0, camera_ready
00000988  00030293  mv      t0, t1                     ; game.S:840 | mv      t0, t1
0000098c  00542e23  sw      t0, ST_CAMERA_X(s0)        ; game.S:842 | sw      t0, ST_CAMERA_X(s0)
00000990  00008067  ret                                ; game.S:843 | ret
00000994  ffc10113  addi    sp, sp, -4                 ; game.S:851 | addi    sp, sp, -4
00000998  00112023  sw      ra, 0(sp)                  ; game.S:852 | sw      ra, 0(sp)
0000099c  01c42283  lw      t0, ST_CAMERA_X(s0)        ; game.S:854 | lw      t0, ST_CAMERA_X(s0)
000009a0  00592223  sw      t0, VGA_SCROLL_X-VGA_BASE(s2) ; game.S:855 | sw      t0, VGA_SCROLL_X-VGA_BASE(s2)
000009a4  02042283  lw      t0, ST_SCORE(s0)           ; game.S:856 | lw      t0, ST_SCORE(s0)
000009a8  00592a23  sw      t0, VGA_HUD_SCORE-VGA_BASE(s2) ; game.S:857 | sw      t0, VGA_HUD_SCORE-VGA_BASE(s2)
000009ac  02442283  lw      t0, ST_TIME(s0)            ; game.S:858 | lw      t0, ST_TIME(s0)
000009b0  00592c23  sw      t0, VGA_HUD_TIME-VGA_BASE(s2) ; game.S:859 | sw      t0, VGA_HUD_TIME-VGA_BASE(s2)
000009b4  01842283  lw      t0, ST_GAME_STATE(s0)      ; game.S:860 | lw      t0, ST_GAME_STATE(s0)
000009b8  02c42303  lw      t1, ST_ANIMATION(s0)       ; game.S:861 | lw      t1, ST_ANIMATION(s0)
000009bc  00831313  slli    t1, t1, 8                  ; game.S:862 | slli    t1, t1, 8
000009c0  0062e2b3  or      t0, t0, t1                 ; game.S:863 | or      t0, t0, t1
000009c4  03842303  lw      t1, ST_LIVES(s0)           ; game.S:864 | lw      t1, ST_LIVES(s0)
000009c8  01031313  slli    t1, t1, 16                 ; game.S:865 | slli    t1, t1, 16
000009cc  0062e2b3  or      t0, t0, t1                 ; game.S:866 | or      t0, t0, t1
000009d0  00592e23  sw      t0, VGA_GAME_STATUS-VGA_BASE(s2) ; game.S:867 | sw      t0, VGA_GAME_STATUS-VGA_BASE(s2)
000009d4  00000513  addi a0, zero, 0                   ; game.S:870 | li      a0, 0
000009d8  00042583  lw      a1, ST_PLAYER_X(s0)        ; game.S:871 | lw      a1, ST_PLAYER_X(s0)
000009dc  00442603  lw      a2, ST_PLAYER_Y(s0)        ; game.S:872 | lw      a2, ST_PLAYER_Y(s0)
000009e0  02c42283  lw      t0, ST_ANIMATION(s0)       ; game.S:873 | lw      t0, ST_ANIMATION(s0)
000009e4  00829693  slli    a3, t0, 8                  ; game.S:874 | slli    a3, t0, 8
000009e8  0016e693  ori     a3, a3, SPRITE_ENABLE      ; game.S:875 | ori     a3, a3, SPRITE_ENABLE
000009ec  00842283  lw      t0, ST_PLAYER_VX(s0)       ; game.S:876 | lw      t0, ST_PLAYER_VX(s0)
000009f0  0002d463  bgez    t0, render_player_facing_ready ; game.S:877 | bgez    t0, render_player_facing_ready
000009f4  0026e693  ori     a3, a3, SPRITE_HFLIP       ; game.S:878 | ori     a3, a3, SPRITE_HFLIP
000009f8  03042703  lw      a4, ST_FRAME_LAST(s0)      ; game.S:880 | lw      a4, ST_FRAME_LAST(s0)
000009fc  11c000ef  call    write_sprite               ; game.S:881 | call    write_sprite
00000a00  00100513  addi a0, zero, 1                   ; game.S:884 | li      a0, 1
00000a04  05040e93  addi    t4, s0, ENEMY0             ; game.S:885 | addi    t4, s0, ENEMY0
00000a08  000ea583  lw      a1, ENEMY_X(t4)            ; game.S:886 | lw      a1, ENEMY_X(t4)
00000a0c  004ea603  lw      a2, ENEMY_Y(t4)            ; game.S:887 | lw      a2, ENEMY_Y(t4)
00000a10  00cea283  lw      t0, ENEMY_ACTIVE(t4)       ; game.S:888 | lw      t0, ENEMY_ACTIVE(t4)
00000a14  00028e63  beqz    t0, render_enemy0_off      ; game.S:889 | beqz    t0, render_enemy0_off
00000a18  000036b7  lui a3, 3                          ; game.S:890 | li      a3, (TILE_ENEMY_A << 8) | SPRITE_ENABLE
00000a1c  80168693  addi a3, a3, -2047                 ; game.S:890 | li      a3, (TILE_ENEMY_A << 8) | SPRITE_ENABLE
00000a20  008ea283  lw      t0, ENEMY_DIR(t4)          ; game.S:891 | lw      t0, ENEMY_DIR(t4)
00000a24  0002d863  bgez    t0, render_enemy0_attr_ready ; game.S:892 | bgez    t0, render_enemy0_attr_ready
00000a28  0026e693  ori     a3, a3, SPRITE_HFLIP       ; game.S:893 | ori     a3, a3, SPRITE_HFLIP
00000a2c  0080006f  j       render_enemy0_attr_ready   ; game.S:894 | j       render_enemy0_attr_ready
00000a30  00000693  addi a3, zero, 0                   ; game.S:896 | li      a3, 0
00000a34  010ea703  lw      a4, ENEMY_ANIM(t4)         ; game.S:898 | lw      a4, ENEMY_ANIM(t4)
00000a38  0e0000ef  call    write_sprite               ; game.S:899 | call    write_sprite
00000a3c  00200513  addi a0, zero, 2                   ; game.S:901 | li      a0, 2
00000a40  06840e93  addi    t4, s0, ENEMY1             ; game.S:902 | addi    t4, s0, ENEMY1
00000a44  000ea583  lw      a1, ENEMY_X(t4)            ; game.S:903 | lw      a1, ENEMY_X(t4)
00000a48  004ea603  lw      a2, ENEMY_Y(t4)            ; game.S:904 | lw      a2, ENEMY_Y(t4)
00000a4c  00cea283  lw      t0, ENEMY_ACTIVE(t4)       ; game.S:905 | lw      t0, ENEMY_ACTIVE(t4)
00000a50  00028e63  beqz    t0, render_enemy1_off      ; game.S:906 | beqz    t0, render_enemy1_off
00000a54  000036b7  lui a3, 3                          ; game.S:907 | li      a3, (TILE_ENEMY_B << 8) | SPRITE_ENABLE
00000a58  90168693  addi a3, a3, -1791                 ; game.S:907 | li      a3, (TILE_ENEMY_B << 8) | SPRITE_ENABLE
00000a5c  008ea283  lw      t0, ENEMY_DIR(t4)          ; game.S:908 | lw      t0, ENEMY_DIR(t4)
00000a60  0002d863  bgez    t0, render_enemy1_attr_ready ; game.S:909 | bgez    t0, render_enemy1_attr_ready
00000a64  0026e693  ori     a3, a3, SPRITE_HFLIP       ; game.S:910 | ori     a3, a3, SPRITE_HFLIP
00000a68  0080006f  j       render_enemy1_attr_ready   ; game.S:911 | j       render_enemy1_attr_ready
00000a6c  00000693  addi a3, zero, 0                   ; game.S:913 | li      a3, 0
00000a70  010ea703  lw      a4, ENEMY_ANIM(t4)         ; game.S:915 | lw      a4, ENEMY_ANIM(t4)
00000a74  0a4000ef  call    write_sprite               ; game.S:916 | call    write_sprite
00000a78  00300513  addi a0, zero, 3                   ; game.S:918 | li      a0, 3
00000a7c  08040e93  addi    t4, s0, ENEMY2             ; game.S:919 | addi    t4, s0, ENEMY2
00000a80  000ea583  lw      a1, ENEMY_X(t4)            ; game.S:920 | lw      a1, ENEMY_X(t4)
00000a84  004ea603  lw      a2, ENEMY_Y(t4)            ; game.S:921 | lw      a2, ENEMY_Y(t4)
00000a88  00cea283  lw      t0, ENEMY_ACTIVE(t4)       ; game.S:922 | lw      t0, ENEMY_ACTIVE(t4)
00000a8c  00028e63  beqz    t0, render_enemy2_off      ; game.S:923 | beqz    t0, render_enemy2_off
00000a90  000036b7  lui a3, 3                          ; game.S:924 | li      a3, (TILE_ENEMY_A << 8) | SPRITE_ENABLE
00000a94  80168693  addi a3, a3, -2047                 ; game.S:924 | li      a3, (TILE_ENEMY_A << 8) | SPRITE_ENABLE
00000a98  008ea283  lw      t0, ENEMY_DIR(t4)          ; game.S:925 | lw      t0, ENEMY_DIR(t4)
00000a9c  0002d863  bgez    t0, render_enemy2_attr_ready ; game.S:926 | bgez    t0, render_enemy2_attr_ready
00000aa0  0026e693  ori     a3, a3, SPRITE_HFLIP       ; game.S:927 | ori     a3, a3, SPRITE_HFLIP
00000aa4  0080006f  j       render_enemy2_attr_ready   ; game.S:928 | j       render_enemy2_attr_ready
00000aa8  00000693  addi a3, zero, 0                   ; game.S:930 | li      a3, 0
00000aac  010ea703  lw      a4, ENEMY_ANIM(t4)         ; game.S:932 | lw      a4, ENEMY_ANIM(t4)
00000ab0  068000ef  call    write_sprite               ; game.S:933 | call    write_sprite
00000ab4  00400513  addi a0, zero, 4                   ; game.S:936 | li      a0, 4
00000ab8  59000593  addi a1, zero, 1424                ; game.S:937 | li      a1, 1424
00000abc  04800613  addi a2, zero, 72                  ; game.S:938 | li      a2, 72
00000ac0  000036b7  lui a3, 3                          ; game.S:939 | li      a3, (TILE_GOAL_SPRITE << 8) | SPRITE_ENABLE
00000ac4  b0168693  addi a3, a3, -1279                 ; game.S:939 | li      a3, (TILE_GOAL_SPRITE << 8) | SPRITE_ENABLE
00000ac8  474f4737  lui a4, 292084                     ; game.S:940 | li      a4, 0x474f414c
00000acc  14c70713  addi a4, a4, 332                   ; game.S:940 | li      a4, 0x474f414c
00000ad0  048000ef  call    write_sprite               ; game.S:941 | call    write_sprite
00000ad4  05498293  addi    t0, s3, 84                 ; game.S:944 | addi    t0, s3, 84
00000ad8  00b00313  addi t1, zero, 11                  ; game.S:945 | li      t1, 11
00000adc  0002a023  sw      zero, 0(t0)                ; game.S:947 | sw      zero, 0(t0)
00000ae0  01028293  addi    t0, t0, SPRITE_STRIDE      ; game.S:948 | addi    t0, t0, SPRITE_STRIDE
00000ae4  fff30313  addi    t1, t1, -1                 ; game.S:949 | addi    t1, t1, -1
00000ae8  fe031ae3  bnez    t1, render_disable_loop    ; game.S:950 | bnez    t1, render_disable_loop
00000aec  02042283  lw      t0, ST_SCORE(s0)           ; game.S:953 | lw      t0, ST_SCORE(s0)
00000af0  03f2f293  andi    t0, t0, 0x3f               ; game.S:954 | andi    t0, t0, 0x3f
00000af4  01842303  lw      t1, ST_GAME_STATE(s0)      ; game.S:955 | lw      t1, ST_GAME_STATE(s0)
00000af8  00631313  slli    t1, t1, 6                  ; game.S:956 | slli    t1, t1, 6
00000afc  0062e2b3  or      t0, t0, t1                 ; game.S:957 | or      t0, t0, t1
00000b00  0454a023  sw      t0, SYS_DEBUG_LEDS-SYS_BASE(s1) ; game.S:958 | sw      t0, SYS_DEBUG_LEDS-SYS_BASE(s1)
00000b04  00100293  addi t0, zero, 1                   ; game.S:960 | li      t0, 1
00000b08  00592623  sw      t0, VGA_FRAME_COMMIT-VGA_BASE(s2) ; game.S:961 | sw      t0, VGA_FRAME_COMMIT-VGA_BASE(s2)
00000b0c  00012083  lw      ra, 0(sp)                  ; game.S:962 | lw      ra, 0(sp)
00000b10  00410113  addi    sp, sp, 4                  ; game.S:963 | addi    sp, sp, 4
00000b14  00008067  ret                                ; game.S:964 | ret
00000b18  00451293  slli    t0, a0, 4                  ; game.S:968 | slli    t0, a0, 4
00000b1c  013282b3  add     t0, t0, s3                 ; game.S:969 | add     t0, t0, s3
00000b20  01061313  slli    t1, a2, 16                 ; game.S:970 | slli    t1, a2, 16
00000b24  01059393  slli    t2, a1, 16                 ; game.S:971 | slli    t2, a1, 16
00000b28  0103d393  srli    t2, t2, 16                 ; game.S:972 | srli    t2, t2, 16
00000b2c  00736333  or      t1, t1, t2                 ; game.S:973 | or      t1, t1, t2
00000b30  0062a023  sw      t1, SPRITE_XY(t0)          ; game.S:974 | sw      t1, SPRITE_XY(t0)
00000b34  00d2a223  sw      a3, SPRITE_ATTR(t0)        ; game.S:975 | sw      a3, SPRITE_ATTR(t0)
00000b38  00e2a423  sw      a4, SPRITE_TAG(t0)         ; game.S:976 | sw      a4, SPRITE_TAG(t0)
00000b3c  00008067  ret                                ; game.S:977 | ret
